warning: the feature `specialization` is incomplete and may not be safe to use and/or cause compiler crashes
 --> $DIR/lib.rs:1:12
  |
1 | #![feature(specialization)]
  |            ^^^^^^^^^^^^^^
  |
  = note: `#[warn(incomplete_features)]` on by default
  = note: see issue #31844 <https://github.com/rust-lang/rust/issues/31844> for more information
  = help: consider using `min_specialization` instead, which is more stable and complete

warning: use of deprecated associated function `std::sync::atomic::AtomicBool::compare_and_swap`: Use `compare_exchange` or `compare_exchange_weak` instead
   --> $DIR/type_object.rs:186:14
    |
186 |             .compare_and_swap(false, true, Ordering::Acquire)
    |              ^^^^^^^^^^^^^^^^
    |
    = note: `#[warn(deprecated)]` on by default

warning: use of deprecated associated function `std::sync::atomic::AtomicBool::compare_and_swap`: Use `compare_exchange` or `compare_exchange_weak` instead
   --> $DIR/type_object.rs:222:14
    |
222 |             .compare_and_swap(false, true, Ordering::Acquire)
    |              ^^^^^^^^^^^^^^^^

warning: 3 warnings emitted

error: Expected one of freelist/name/extends/module
 --> $DIR/invalid_pyclass_args.rs:3:11
  |
3 | #[pyclass(extend=pyo3::types::PyDict)]
  |           ^^^^^^

error: Expected type path (e.g., my_mod::BaseClass)
 --> $DIR/invalid_pyclass_args.rs:6:21
  |
6 | #[pyclass(extends = "PyDict")]
  |                     ^^^^^^^^

error: Expected type name (e.g., Name)
 --> $DIR/invalid_pyclass_args.rs:9:18
  |
9 | #[pyclass(name = m::MyClass)]
  |                  ^^^^^^^^^^

error: Expected string literal (e.g., "my_mod")
  --> $DIR/invalid_pyclass_args.rs:12:20
   |
12 | #[pyclass(module = my_module)]
   |                    ^^^^^^^^^

error: Expected one of gc/weakref/subclass/dict
  --> $DIR/invalid_pyclass_args.rs:15:11
   |
15 | #[pyclass(weakrev)]
   |           ^^^^^^^
